// Jest Snapshot v1, https://goo.gl/fbAQLP

exports[`<Order/> renders the order 1`] = `
<div>
  <div
    class="OrderStyles-sc-4oqalm-0 gjnIaU"
    data-testid="order"
  >
    <p>
      <span>
        Order ID:
      </span>
      <span>
        ord123
      </span>
    </p>
    <p>
      <span>
        Charge
      </span>
      <span>
        ch_123
      </span>
    </p>
    <p>
      <span>
        Date
      </span>
      <span>
        December 11, 2022 3:16 PM
      </span>
    </p>
    <p>
      <span>
        Order Total
      </span>
      <span>
        $400
      </span>
    </p>
    <p>
      <span>
        Item Count
      </span>
      <span>
        2
      </span>
    </p>
    <div
      class="items"
    >
      <div
        class="order-item"
      >
        <img
          src="reprehenderit.jpg"
        />
        <div
          class="item-details"
        >
          <h2>
            soluta non omnis consequatur enim quia autem
          </h2>
          <p>
            Qty: 
            1
          </p>
          <p>
            Each: 
            $42.34
          </p>
          <p>
            SubTotal: 
            $42.34
          </p>
          <p>
            et modi tenetur amet modi reprehenderit omnis
          </p>
        </div>
      </div>
      <div
        class="order-item"
      >
        <img
          src="sint.jpg"
        />
        <div
          class="item-details"
        >
          <h2>
            quia sed exercitationem omnis laborum exercitationem est
          </h2>
          <p>
            Qty: 
            1
          </p>
          <p>
            Each: 
            $42.34
          </p>
          <p>
            SubTotal: 
            $42.34
          </p>
          <p>
            sapiente laudantium molestias assumenda quasi adipisci mollitia
          </p>
        </div>
      </div>
    </div>
  </div>
</div>
`;
